Archive member included to satisfy reference by file (symbol)

c:/program files (x86)/atmel/studio/7.0/toolchain/avr8/avr8-gnu-toolchain/bin/../lib/gcc/avr/4.9.2/avr5\libgcc.a(_exit.o)
                              c:/program files (x86)/atmel/studio/7.0/toolchain/avr8/avr8-gnu-toolchain/bin/../lib/gcc/avr/4.9.2/../../../../avr/lib/avr5/crtatmega32u4.o (exit)
c:/program files (x86)/atmel/studio/7.0/toolchain/avr8/avr8-gnu-toolchain/bin/../lib/gcc/avr/4.9.2/avr5\libgcc.a(_tablejump2.o)
                              ../../../../LUFA/Drivers/USB/Core/DeviceStandardReq.o (__tablejump2__)
c:/program files (x86)/atmel/studio/7.0/toolchain/avr8/avr8-gnu-toolchain/bin/../lib/gcc/avr/4.9.2/avr5\libgcc.a(_copy_data.o)
                              HummingbirdForBLE.o (__do_copy_data)
c:/program files (x86)/atmel/studio/7.0/toolchain/avr8/avr8-gnu-toolchain/bin/../lib/gcc/avr/4.9.2/avr5\libgcc.a(_clear_bss.o)
                              HummingbirdForBLE.o (__do_clear_bss)
c:/program files (x86)/atmel/studio/7.0/toolchain/avr8/avr8-gnu-toolchain/bin/../lib/gcc/avr/4.9.2/../../../../avr/lib/avr5\libc.a(memcpy_P.o)
                              ../../../../LUFA/Drivers/USB/Class/Device/RNDISClassDevice.o (memcpy_P)
c:/program files (x86)/atmel/studio/7.0/toolchain/avr8/avr8-gnu-toolchain/bin/../lib/gcc/avr/4.9.2/../../../../avr/lib/avr5\libc.a(memcmp.o)
                              ../../../../LUFA/Drivers/USB/Class/Device/HIDClassDevice.o (memcmp)
c:/program files (x86)/atmel/studio/7.0/toolchain/avr8/avr8-gnu-toolchain/bin/../lib/gcc/avr/4.9.2/../../../../avr/lib/avr5\libc.a(memcpy.o)
                              HummingbirdForBLE.o (memcpy)
c:/program files (x86)/atmel/studio/7.0/toolchain/avr8/avr8-gnu-toolchain/bin/../lib/gcc/avr/4.9.2/../../../../avr/lib/avr5\libc.a(memset.o)
                              ../../../../LUFA/Drivers/USB/Class/Device/HIDClassDevice.o (memset)
c:/program files (x86)/atmel/studio/7.0/toolchain/avr8/avr8-gnu-toolchain/bin/../lib/gcc/avr/4.9.2/../../../../avr/lib/avr5\libatmega32u4.a(eerd_byte.o)
                              ../../../../LUFA/Drivers/USB/Core/AVR8/EndpointStream_AVR8.o (eeprom_read_byte)
c:/program files (x86)/atmel/studio/7.0/toolchain/avr8/avr8-gnu-toolchain/bin/../lib/gcc/avr/4.9.2/../../../../avr/lib/avr5\libatmega32u4.a(eeupd_byte.o)
                              ../../../../LUFA/Drivers/USB/Core/AVR8/EndpointStream_AVR8.o (eeprom_update_byte)

Allocating common symbols
Common symbol       size              file

USB_IsInitialized   0x1               ../../../../LUFA/Drivers/USB/Core/USBTask.o
rx_buff             0x100             HummingbirdForBLE.o
USB_DeviceState     0x1               ../../../../LUFA/Drivers/USB/Core/USBTask.o
HIDReportEcho       0xb               HummingbirdForBLE.o
USB_Device_ConfigurationNumber
                    0x1               ../../../../LUFA/Drivers/USB/Core/DeviceStandardReq.o
OutGoingReport      0xb               HummingbirdForBLE.o
rx_buffer           0x102             HummingbirdForBLE.o
USB_Device_CurrentlySelfPowered
                    0x1               ../../../../LUFA/Drivers/USB/Core/DeviceStandardReq.o
USB_ControlRequest  0x8               ../../../../LUFA/Drivers/USB/Core/USBTask.o
USB_Device_RemoteWakeupEnabled
                    0x1               ../../../../LUFA/Drivers/USB/Core/DeviceStandardReq.o

Discarded input sections

 .data          0x00000000        0x0 c:/program files (x86)/atmel/studio/7.0/toolchain/avr8/avr8-gnu-toolchain/bin/../lib/gcc/avr/4.9.2/../../../../avr/lib/avr5/crtatmega32u4.o
 .bss           0x00000000        0x0 c:/program files (x86)/atmel/studio/7.0/toolchain/avr8/avr8-gnu-toolchain/bin/../lib/gcc/avr/4.9.2/../../../../avr/lib/avr5/crtatmega32u4.o
 .text          0x00000000        0x0 HummingbirdForBLE.o
 .text.set_orb0
                0x00000000        0xc HummingbirdForBLE.o
 .text.set_orb1
                0x00000000        0xc HummingbirdForBLE.o
 .text.set_led0
                0x00000000        0x6 HummingbirdForBLE.o
 .text.set_led1
                0x00000000        0x6 HummingbirdForBLE.o
 .text.set_led2
                0x00000000        0x6 HummingbirdForBLE.o
 .text.set_led3
                0x00000000        0x6 HummingbirdForBLE.o
 .text          0x00000000        0x0 Descriptors.o
 .data          0x00000000        0x0 Descriptors.o
 .bss           0x00000000        0x0 Descriptors.o
 .text          0x00000000        0x0 ../../../../LUFA/Drivers/USB/Class/Common/HIDParser.o
 .data          0x00000000        0x0 ../../../../LUFA/Drivers/USB/Class/Common/HIDParser.o
 .bss           0x00000000        0x0 ../../../../LUFA/Drivers/USB/Class/Common/HIDParser.o
 .text.USB_ProcessHIDReport
                0x00000000      0x6d2 ../../../../LUFA/Drivers/USB/Class/Common/HIDParser.o
 .text.USB_GetHIDReportItemInfo
                0x00000000       0xbc ../../../../LUFA/Drivers/USB/Class/Common/HIDParser.o
 .text.USB_SetHIDReportItemInfo
[...]
Memory Configuration

Name             Origin             Length             Attributes
text             0x00000000         0x00020000         xr
data             0x00800060         0x0000ffa0         rw !x
eeprom           0x00810000         0x00010000         rw !x
fuse             0x00820000         0x00000400         rw !x
lock             0x00830000         0x00000400         rw !x
signature        0x00840000         0x00000400         rw !x
user_signatures  0x00850000         0x00000400         rw !x
*default*        0x00000000         0xffffffff

Linker script and memory map

Address of section .data set to 0x800100
LOAD c:/program files (x86)/atmel/studio/7.0/toolchain/avr8/avr8-gnu-toolchain/bin/../lib/gcc/avr/4.9.2/../../../../avr/lib/avr5/crtatmega32u4.o
LOAD HummingbirdForBLE.o
LOAD Descriptors.o
LOAD ../../../../LUFA/Drivers/USB/Class/Common/HIDParser.o
LOAD ../../../../LUFA/Drivers/USB/Core/AVR8/Device_AVR8.o
LOAD ../../../../LUFA/Drivers/USB/Core/AVR8/EndpointStream_AVR8.o
LOAD ../../../../LUFA/Drivers/USB/Core/AVR8/Endpoint_AVR8.o
LOAD ../../../../LUFA/Drivers/USB/Core/AVR8/Host_AVR8.o
LOAD ../../../../LUFA/Drivers/USB/Core/AVR8/PipeStream_AVR8.o
LOAD ../../../../LUFA/Drivers/USB/Core/AVR8/Pipe_AVR8.o
LOAD ../../../../LUFA/Drivers/USB/Core/AVR8/USBController_AVR8.o
LOAD ../../../../LUFA/Drivers/USB/Core/AVR8/USBInterrupt_AVR8.o
LOAD ../../../../LUFA/Drivers/USB/Core/ConfigDescriptors.o
LOAD ../../../../LUFA/Drivers/USB/Core/DeviceStandardReq.o
LOAD ../../../../LUFA/Drivers/USB/Core/Events.o
LOAD ../../../../LUFA/Drivers/USB/Core/HostStandardReq.o
LOAD ../../../../LUFA/Drivers/USB/Core/USBTask.o
LOAD ../../../../LUFA/Drivers/USB/Class/Device/AudioClassDevice.o
LOAD ../../../../LUFA/Drivers/USB/Class/Device/CDCClassDevice.o
LOAD ../../../../LUFA/Drivers/USB/Class/Device/HIDClassDevice.o
LOAD ../../../../LUFA/Drivers/USB/Class/Device/MassStorageClassDevice.o
LOAD ../../../../LUFA/Drivers/USB/Class/Device/MIDIClassDevice.o
LOAD ../../../../LUFA/Drivers/USB/Class/Device/PrinterClassDevice.o
LOAD ../../../../LUFA/Drivers/USB/Class/Device/RNDISClassDevice.o
LOAD ../../../../LUFA/Drivers/USB/Class/Host/AndroidAccessoryClassHost.o
LOAD ../../../../LUFA/Drivers/USB/Class/Host/AudioClassHost.o
LOAD ../../../../LUFA/Drivers/USB/Class/Host/CDCClassHost.o
LOAD ../../../../LUFA/Drivers/USB/Class/Host/HIDClassHost.o
LOAD ../../../../LUFA/Drivers/USB/Class/Host/MassStorageClassHost.o
LOAD ../../../../LUFA/Drivers/USB/Class/Host/MIDIClassHost.o
LOAD ../../../../LUFA/Drivers/USB/Class/Host/PrinterClassHost.o
LOAD ../../../../LUFA/Drivers/USB/Class/Host/RNDISClassHost.o
LOAD ../../../../LUFA/Drivers/USB/Class/Host/StillImageClassHost.o
LOAD c:/program files (x86)/atmel/studio/7.0/toolchain/avr8/avr8-gnu-toolchain/bin/../lib/gcc/avr/4.9.2/../../../../avr/lib/avr5\libm.a
START GROUP
LOAD c:/program files (x86)/atmel/studio/7.0/toolchain/avr8/avr8-gnu-toolchain/bin/../lib/gcc/avr/4.9.2/avr5\libgcc.a
LOAD c:/program files (x86)/atmel/studio/7.0/toolchain/avr8/avr8-gnu-toolchain/bin/../lib/gcc/avr/4.9.2/../../../../avr/lib/avr5\libm.a
LOAD c:/program files (x86)/atmel/studio/7.0/toolchain/avr8/avr8-gnu-toolchain/bin/../lib/gcc/avr/4.9.2/../../../../avr/lib/avr5\libc.a
LOAD c:/program files (x86)/atmel/studio/7.0/toolchain/avr8/avr8-gnu-toolchain/bin/../lib/gcc/avr/4.9.2/../../../../avr/lib/avr5\libatmega32u4.a
END GROUP

.hash
 *(.hash)

.dynsym
 *(.dynsym)

.dynstr
 *(.dynstr)

.gnu.version
 *(.gnu.version)

.gnu.version_d
 *(.gnu.version_d)

.gnu.version_r
 *(.gnu.version_r)

.rel.init
 *(.rel.init)

.rela.init
 *(.rela.init)

.rel.text
 *(.rel.text)
 *(.rel.text.*)
 *(.rel.gnu.linkonce.t*)

.rela.text
 *(.rela.text)
 *(.rela.text.*)
 *(.rela.gnu.linkonce.t*)

.rel.fini
 *(.rel.fini)

.rela.fini
 *(.rela.fini)

.rel.rodata
 *(.rel.rodata)
 *(.rel.rodata.*)
 *(.rel.gnu.linkonce.r*)

.rela.rodata
 *(.rela.rodata)
 *(.rela.rodata.*)
 *(.rela.gnu.linkonce.r*)

.rel.data
 *(.rel.data)
 *(.rel.data.*)
 *(.rel.gnu.linkonce.d*)

.rela.data
 *(.rela.data)
 *(.rela.data.*)
 *(.rela.gnu.linkonce.d*)

.rel.ctors
 *(.rel.ctors)

.rela.ctors
 *(.rela.ctors)

.rel.dtors
 *(.rel.dtors)

.rela.dtors
 *(.rela.dtors)

.rel.got
 *(.rel.got)

.rela.got
 *(.rela.got)

.rel.bss
 *(.rel.bss)

.rela.bss
 *(.rela.bss)

.rel.plt
 *(.rel.plt)

.rela.plt
 *(.rela.plt)

.text           0x00000000     0x2058
 *(.vectors)
 .vectors       0x00000000       0xac c:/program files (x86)/atmel/studio/7.0/toolchain/avr8/avr8-gnu-toolchain/bin/../lib/gcc/avr/4.9.2/../../../../avr/lib/avr5/crtatmega32u4.o
                0x00000000                __vector_default
                0x00000000                __vectors
 *(.vectors)
 *(.progmem.gcc*)
 .progmem.gcc_sw_table.USB_Device_ProcessControlRequest
                0x000000ac       0x14 ../../../../LUFA/Drivers/USB/Core/DeviceStandardReq.o
                0x000000c0                . = ALIGN (0x2)
                0x000000c0                __trampolines_start = .
 *(.trampolines)
 .trampolines   0x000000c0        0x0 linker stubs
 *(.trampolines*)
                0x000000c0                __trampolines_end = .
 *(.progmem*)
 .progmem.data  0x000000c0       0xaa Descriptors.o
                0x000000c0                ProductString
                0x000000e2                ManufacturerString
                0x00000112                LanguageString
                0x00000116                ConfigurationDescriptor
                0x00000138                DeviceDescriptor
                0x0000014a                GenericReport
                0x0000016a                . = ALIGN (0x2)
 *(.jumptables)
 *(.jumptables*)
 *(.lowtext)
 *(.lowtext*)
                0x0000016a                __ctors_start = .
 *(.ctors)
                0x0000016a                __ctors_end = .
                0x0000016a                __dtors_start = .
 *(.dtors)
                0x0000016a                __dtors_end = .
 SORT(*)(.ctors)
 SORT(*)(.dtors)
 *(.init0)
 .init0         0x0000016a        0x0 c:/program files (x86)/atmel/studio/7.0/toolchain/avr8/avr8-gnu-toolchain/bin/../lib/gcc/avr/4.9.2/../../../../avr/lib/avr5/crtatmega32u4.o
                0x0000016a                __init
 *(.init0)
 *(.init1)
 *(.init1)
 *(.init2)
 .init2         0x0000016a        0xc c:/program files (x86)/atmel/studio/7.0/toolchain/avr8/avr8-gnu-toolchain/bin/../lib/gcc/avr/4.9.2/../../../../avr/lib/avr5/crtatmega32u4.o
 *(.init2)
 *(.init3)
 *(.init3)
 *(.init4)
 .init4         0x00000176       0x16 c:/program files (x86)/atmel/studio/7.0/toolchain/avr8/avr8-gnu-toolchain/bin/../lib/gcc/avr/4.9.2/avr5\libgcc.a(_copy_data.o)
                0x00000176                __do_copy_data
 .init4         0x0000018c       0x10 c:/program files (x86)/atmel/studio/7.0/toolchain/avr8/avr8-gnu-toolchain/bin/../lib/gcc/avr/4.9.2/avr5\libgcc.a(_clear_bss.o)
                0x0000018c                __do_clear_bss
 *(.init4)
 *(.init5)
 *(.init5)
 *(.init6)
 *(.init6)
 *(.init7)
 *(.init7)
 *(.init8)
 *(.init8)
 *(.init9)
 .init9         0x0000019c        0x6 c:/program files (x86)/atmel/studio/7.0/toolchain/avr8/avr8-gnu-toolchain/bin/../lib/gcc/avr/4.9.2/../../../../avr/lib/avr5/crtatmega32u4.o
 *(.init9)
 *(.text)
 .text          0x000001a2        0x2 c:/program files (x86)/atmel/studio/7.0/toolchain/avr8/avr8-gnu-toolchain/bin/../lib/gcc/avr/4.9.2/../../../../avr/lib/avr5/crtatmega32u4.o
                0x000001a2                __vector_38
                0x000001a2                __vector_22
                0x000001a2                __vector_28
                0x000001a2                __vector_1
                0x000001a2                __vector_32
                0x000001a2                __vector_34
                0x000001a2                __vector_24
                0x000001a2                __vector_12
                0x000001a2                __bad_interrupt
                0x000001a2                __vector_6
                0x000001a2                __vector_31
                0x000001a2                __vector_35
                0x000001a2                __vector_39
                0x000001a2                __vector_3
                0x000001a2                __vector_30
                0x000001a2                __vector_11
                0x000001a2                __vector_13
                0x000001a2                __vector_17
                0x000001a2                __vector_19
                0x000001a2                __vector_7
                0x000001a2                __vector_41
                0x000001a2                __vector_27
                0x000001a2                __vector_5
                0x000001a2                __vector_33
                0x000001a2                __vector_37
                0x000001a2                __vector_4
                0x000001a2                __vector_9
                0x000001a2                __vector_2
                0x000001a2                __vector_15
                0x000001a2                __vector_36
                0x000001a2                __vector_29
                0x000001a2                __vector_40
                0x000001a2                __vector_8
                0x000001a2                __vector_26
                0x000001a2                __vector_14
                0x000001a2                __vector_16
                0x000001a2                __vector_18
                0x000001a2                __vector_20
                0x000001a2                __vector_42
                0x000001a4                . = ALIGN (0x2)
 *(.text.*)
 .text.init_analog
                0x000001a4       0x18 HummingbirdForBLE.o
                0x000001a4                init_analog
 .text.read_sensor
                0x000001bc       0x28 HummingbirdForBLE.o
                0x000001bc                read_sensor
 .text.init_tiny_comm
                0x000001e4        0xe HummingbirdForBLE.o
                0x000001e4                init_tiny_comm
 .text.transmitByteToTiny
                0x000001f2       0x1e HummingbirdForBLE.o
                0x000001f2                transmitByteToTiny
 .text.turn_off_motors
                0x00000210        0x4 HummingbirdForBLE.o
                0x00000210                turn_off_motors
 .text.set_motor
                0x00000214       0x60 HummingbirdForBLE.o
                0x00000214                set_motor
 .text.disable_servos
                0x00000274        0x4 HummingbirdForBLE.o
                0x00000274                disable_servos
 .text.set_servo
                0x00000278       0x2a HummingbirdForBLE.o
                0x00000278                set_servo
 .text.serial_init
                0x000002a2       0x22 HummingbirdForBLE.o
                0x000002a2                serial_init
 .text.send_char
                0x000002c4        0xe HummingbirdForBLE.o
                0x000002c4                send_char
 .text.received_data_available
                0x000002d2       0x12 HummingbirdForBLE.o
                0x000002d2                received_data_available
 .text.send_sensors
                0x000002e4       0x1e HummingbirdForBLE.o
                0x000002e4                send_sensors
 .text.receive_char
                0x00000302       0x16 HummingbirdForBLE.o
                0x00000302                receive_char
 .text.store_received_serial_data
                0x00000318       0x24 HummingbirdForBLE.o
                0x00000318                store_received_serial_data
 .text.__vector_25
                0x0000033c       0x46 HummingbirdForBLE.o
                0x0000033c                __vector_25
 .text.set_vibration_motor
                0x00000382       0x24 HummingbirdForBLE.o
                0x00000382                set_vibration_motor
 .text.disable_vibration_motors
                0x000003a6       0x1a HummingbirdForBLE.o
                0x000003a6                disable_vibration_motors
 .text.init_vbr
                0x000003c0       0x14 HummingbirdForBLE.o
                0x000003c0                init_vbr
 .text.__vector_23
                0x000003d4      0x1a0 HummingbirdForBLE.o
                0x000003d4                __vector_23
 .text.__vector_21
                0x00000574      0x122 HummingbirdForBLE.o
                0x00000574                __vector_21
 .text.init_orb
                0x00000696       0x24 HummingbirdForBLE.o
                0x00000696                init_orb
 .text.set_orb  0x000006ba       0x20 HummingbirdForBLE.o
                0x000006ba                set_orb
 .text.set_led  0x000006da       0x2e HummingbirdForBLE.o
                0x000006da                set_led
 .text.turn_off_leds
                0x00000708       0x1a HummingbirdForBLE.o
                0x00000708                turn_off_leds
 .text.SetupHardware
                0x00000722       0x48 HummingbirdForBLE.o
                0x00000722                SetupHardware
 .text.init_BLE_name
                0x0000076a      0x2c2 HummingbirdForBLE.o
                0x0000076a                init_BLE_name
 .text.startup.main
                0x00000a2c      0x778 HummingbirdForBLE.o
                0x00000a2c                main
 .text.EVENT_USB_Device_Connect
                0x000011a4        0x2 HummingbirdForBLE.o
                0x000011a4                EVENT_USB_Device_Connect
 .text.EVENT_USB_Device_Disconnect
                0x000011a6        0xc HummingbirdForBLE.o
                0x000011a6                EVENT_USB_Device_Disconnect
 .text.EVENT_USB_Device_ConfigurationChanged
                0x000011b2       0x12 HummingbirdForBLE.o
                0x000011b2                EVENT_USB_Device_ConfigurationChanged
 .text.EVENT_USB_Device_ControlRequest
                0x000011c4        0x6 HummingbirdForBLE.o
                0x000011c4                EVENT_USB_Device_ControlRequest
 .text.EVENT_USB_Device_StartOfFrame
                0x000011ca       0x18 HummingbirdForBLE.o
                0x000011ca                EVENT_USB_Device_StartOfFrame
 .text.CALLBACK_HID_Device_CreateHIDReport
                0x000011e2       0x36 HummingbirdForBLE.o
                0x000011e2                CALLBACK_HID_Device_CreateHIDReport
 .text.CALLBACK_HID_Device_ProcessHIDReport
                0x00001218       0x2a HummingbirdForBLE.o
                0x00001218                CALLBACK_HID_Device_ProcessHIDReport
 .text.CALLBACK_USB_GetDescriptor
                0x00001242       0x86 Descriptors.o
                0x00001242                CALLBACK_USB_GetDescriptor
 .text.Endpoint_Write_Stream_LE
                0x000012c8       0x94 ../../../../LUFA/Drivers/USB/Core/AVR8/EndpointStream_AVR8.o
                0x000012c8                Endpoint_Write_Stream_LE
 .text.Endpoint_Write_Control_Stream_LE
                0x0000135c       0xbe ../../../../LUFA/Drivers/USB/Core/AVR8/EndpointStream_AVR8.o
                0x0000135c                Endpoint_Write_Control_Stream_LE
 .text.Endpoint_Read_Control_Stream_LE
                0x0000141a       0x80 ../../../../LUFA/Drivers/USB/Core/AVR8/EndpointStream_AVR8.o
                0x0000141a                Endpoint_Read_Control_Stream_LE
 .text.Endpoint_Write_Control_PStream_LE
                0x0000149a       0xba ../../../../LUFA/Drivers/USB/Core/AVR8/EndpointStream_AVR8.o
                0x0000149a                Endpoint_Write_Control_PStream_LE
 .text.Endpoint_ConfigureEndpoint_Prv
                0x00001554       0x6a ../../../../LUFA/Drivers/USB/Core/AVR8/Endpoint_AVR8.o
                0x00001554                Endpoint_ConfigureEndpoint_Prv
 .text.Endpoint_ConfigureEndpointTable
                0x000015be       0x90 ../../../../LUFA/Drivers/USB/Core/AVR8/Endpoint_AVR8.o
                0x000015be                Endpoint_ConfigureEndpointTable
 .text.Endpoint_ClearStatusStage
                0x0000164e       0x3e ../../../../LUFA/Drivers/USB/Core/AVR8/Endpoint_AVR8.o
                0x0000164e                Endpoint_ClearStatusStage
 .text.Endpoint_WaitUntilReady
                0x0000168c       0x64 ../../../../LUFA/Drivers/USB/Core/AVR8/Endpoint_AVR8.o
                0x0000168c                Endpoint_WaitUntilReady
 .text.USB_ResetInterface
                0x000016f0       0x80 ../../../../LUFA/Drivers/USB/Core/AVR8/USBController_AVR8.o
                0x000016f0                USB_ResetInterface
 .text.USB_Init
                0x00001770       0x20 ../../../../LUFA/Drivers/USB/Core/AVR8/USBController_AVR8.o
                0x00001770                USB_Init
 .text.USB_INT_DisableAllInterrupts
                0x00001790       0x10 ../../../../LUFA/Drivers/USB/Core/AVR8/USBInterrupt_AVR8.o
                0x00001790                USB_INT_DisableAllInterrupts
 .text.USB_INT_ClearAllInterrupts
                0x000017a0        0xa ../../../../LUFA/Drivers/USB/Core/AVR8/USBInterrupt_AVR8.o
                0x000017a0                USB_INT_ClearAllInterrupts
 .text.__vector_10
                0x000017aa      0x18c ../../../../LUFA/Drivers/USB/Core/AVR8/USBInterrupt_AVR8.o
                0x000017aa                __vector_10
 .text.USB_Device_ProcessControlRequest
                0x00001936      0x290 ../../../../LUFA/Drivers/USB/Core/DeviceStandardReq.o
                0x00001936                USB_Device_ProcessControlRequest
 .text.USB_Event_Stub
                0x00001bc6        0x2 ../../../../LUFA/Drivers/USB/Core/Events.o
                0x00001bc6                USB_Event_Stub
                0x00001bc6                EVENT_USB_Device_Suspend
                0x00001bc6                EVENT_USB_Device_Reset
                0x00001bc6                EVENT_USB_Device_WakeUp
 .text.USB_USBTask
                0x00001bc8       0x34 ../../../../LUFA/Drivers/USB/Core/USBTask.o
                0x00001bc8                USB_USBTask
 .text.HID_Device_ProcessControlRequest
                0x00001bfc      0x268 ../../../../LUFA/Drivers/USB/Class/Device/HIDClassDevice.o
                0x00001bfc                HID_Device_ProcessControlRequest
 .text.HID_Device_ConfigureEndpoints
                0x00001e64       0x26 ../../../../LUFA/Drivers/USB/Class/Device/HIDClassDevice.o
                0x00001e64                HID_Device_ConfigureEndpoints
 .text.HID_Device_USBTask
                0x00001e8a      0x184 ../../../../LUFA/Drivers/USB/Class/Device/HIDClassDevice.o
                0x00001e8a                HID_Device_USBTask
 .text.libgcc   0x0000200e        0xc c:/program files (x86)/atmel/studio/7.0/toolchain/avr8/avr8-gnu-toolchain/bin/../lib/gcc/avr/4.9.2/avr5\libgcc.a(_tablejump2.o)
                0x0000200e                __tablejump2__
 .text.avr-libc
                0x0000201a       0x1a c:/program files (x86)/atmel/studio/7.0/toolchain/avr8/avr8-gnu-toolchain/bin/../lib/gcc/avr/4.9.2/../../../../avr/lib/avr5\libc.a(memcmp.o)
                0x0000201a                memcmp
 .text.avr-libc
                0x00002034       0x12 c:/program files (x86)/atmel/studio/7.0/toolchain/avr8/avr8-gnu-toolchain/bin/../lib/gcc/avr/4.9.2/../../../../avr/lib/avr5\libc.a(memcpy.o)
                0x00002034                memcpy
 .text.avr-libc
                0x00002046        0xe c:/program files (x86)/atmel/studio/7.0/toolchain/avr8/avr8-gnu-toolchain/bin/../lib/gcc/avr/4.9.2/../../../../avr/lib/avr5\libc.a(memset.o)
                0x00002046                memset
                0x00002054                . = ALIGN (0x2)
 *(.fini9)
 .fini9         0x00002054        0x0 c:/program files (x86)/atmel/studio/7.0/toolchain/avr8/avr8-gnu-toolchain/bin/../lib/gcc/avr/4.9.2/avr5\libgcc.a(_exit.o)
                0x00002054                _exit
                0x00002054                exit
 *(.fini9)
 *(.fini8)
 *(.fini8)
 *(.fini7)
 *(.fini7)
 *(.fini6)
 *(.fini6)
 *(.fini5)
 *(.fini5)
 *(.fini4)
 *(.fini4)
 *(.fini3)
 *(.fini3)
 *(.fini2)
 *(.fini2)
 *(.fini1)
 *(.fini1)
 *(.fini0)
 .fini0         0x00002054        0x4 c:/program files (x86)/atmel/studio/7.0/toolchain/avr8/avr8-gnu-toolchain/bin/../lib/gcc/avr/4.9.2/avr5\libgcc.a(_exit.o)
 *(.fini0)
                0x00002058                _etext = .

.data           0x00800100       0x10 load address 0x00002058
                0x00800100                PROVIDE (__data_start, .)
 *(.data)
 .data          0x00800100       0x10 HummingbirdForBLE.o
                0x00800100                Generic_HID_Interface
 *(.data*)
 *(.rodata)
 *(.rodata*)
 *(.gnu.linkonce.d*)
                0x00800110                . = ALIGN (0x2)
                0x00800110                _edata = .
                0x00800110                PROVIDE (__data_end, .)

.bss            0x00800110      0x255
                0x00800110                PROVIDE (__bss_start, .)
 *(.bss)
 .bss           0x00800110       0x30 HummingbirdForBLE.o
                0x00800110                sensor_broadcast_count
                0x00800111                sensor_broadcast
                0x00800112                activity_dir
                0x00800113                activity_val
                0x00800114                activity_state
                0x00800115                next_led_val
                0x00800116                led_values_temp
                0x00800121                led_values
                0x0080012c                vbr_values_temp
                0x0080012e                servo_values_temp
                0x00800132                motor_vals_compressed
                0x00800134                motor_vals
 *(.bss*)
 *(COMMON)
 COMMON         0x00800140      0x218 HummingbirdForBLE.o
                0x00800140                rx_buff
                0x00800240                HIDReportEcho
                0x0080024b                OutGoingReport
                0x00800256                rx_buffer
 COMMON         0x00800358        0x3 ../../../../LUFA/Drivers/USB/Core/DeviceStandardReq.o
                0x00800358                USB_Device_ConfigurationNumber
                0x00800359                USB_Device_CurrentlySelfPowered
                0x0080035a                USB_Device_RemoteWakeupEnabled
 COMMON         0x0080035b        0xa ../../../../LUFA/Drivers/USB/Core/USBTask.o
                0x0080035b                USB_IsInitialized
                0x0080035c                USB_DeviceState
                0x0080035d                USB_ControlRequest
                0x00800365                PROVIDE (__bss_end, .)
                0x00002058                __data_load_start = LOADADDR (.data)
                0x00002068                __data_load_end = (__data_load_start + SIZEOF (.data))

.noinit         0x00800365        0x0
                0x00800365                PROVIDE (__noinit_start, .)
 *(.noinit*)
                0x00800365                PROVIDE (__noinit_end, .)
                0x00800365                _end = .
                0x00800365                PROVIDE (__heap_start, .)

.eeprom         0x00810000        0x0
 *(.eeprom*)
                0x00810000                __eeprom_end = .

.fuse
 *(.fuse)
 *(.lfuse)
 *(.hfuse)
 *(.efuse)

.lock
 *(.lock*)

.signature
 *(.signature*)

.user_signatures
 *(.user_signatures*)

.stab
 *(.stab)

.stabstr
 *(.stabstr)

.stab.excl
 *(.stab.excl)

.stab.exclstr
 *(.stab.exclstr)

.stab.index
 *(.stab.index)

.stab.indexstr
 *(.stab.indexstr)

.comment        0x00000000       0x30
 *(.comment)
 .comment       0x00000000       0x30 HummingbirdForBLE.o
                                 0x31 (size before relaxing)
 .comment       0x00000030       0x31 Descriptors.o
 .comment       0x00000030       0x31 ../../../../LUFA/Drivers/USB/Core/AVR8/EndpointStream_AVR8.o
 .comment       0x00000030       0x31 ../../../../LUFA/Drivers/USB/Core/AVR8/Endpoint_AVR8.o
 .comment       0x00000030       0x31 ../../../../LUFA/Drivers/USB/Core/AVR8/USBController_AVR8.o
 .comment       0x00000030       0x31 ../../../../LUFA/Drivers/USB/Core/AVR8/USBInterrupt_AVR8.o
 .comment       0x00000030       0x31 ../../../../LUFA/Drivers/USB/Core/DeviceStandardReq.o
 .comment       0x00000030       0x31 ../../../../LUFA/Drivers/USB/Core/Events.o
 .comment       0x00000030       0x31 ../../../../LUFA/Drivers/USB/Core/USBTask.o
 .comment       0x00000030       0x31 ../../../../LUFA/Drivers/USB/Class/Device/HIDClassDevice.o

.note.gnu.avr.deviceinfo
                0x00000000       0x40
 .note.gnu.avr.deviceinfo
                0x00000000       0x40 c:/program files (x86)/atmel/studio/7.0/toolchain/avr8/avr8-gnu-toolchain/bin/../lib/gcc/avr/4.9.2/../../../../avr/lib/avr5/crtatmega32u4.o

.note.gnu.build-id
 *(.note.gnu.build-id)

.debug
 *(.debug)

.line
 *(.line)

.debug_srcinfo
 *(.debug_srcinfo)

.debug_sfnames
 *(.debug_sfnames)

.debug_aranges  0x00000000      0x370
 *(.debug_aranges)
 .debug_aranges
                0x00000000      0x158 HummingbirdForBLE.o
 .debug_aranges
                0x00000158       0x20 Descriptors.o
 .debug_aranges
                0x00000178       0xc8 ../../../../LUFA/Drivers/USB/Core/AVR8/EndpointStream_AVR8.o
 .debug_aranges
                0x00000240       0x40 ../../../../LUFA/Drivers/USB/Core/AVR8/Endpoint_AVR8.o
 .debug_aranges
                0x00000280       0x30 ../../../../LUFA/Drivers/USB/Core/AVR8/USBController_AVR8.o
 .debug_aranges
                0x000002b0       0x30 ../../../../LUFA/Drivers/USB/Core/AVR8/USBInterrupt_AVR8.o
 .debug_aranges
                0x000002e0       0x20 ../../../../LUFA/Drivers/USB/Core/DeviceStandardReq.o
 .debug_aranges
                0x00000300       0x20 ../../../../LUFA/Drivers/USB/Core/Events.o
 .debug_aranges
                0x00000320       0x20 ../../../../LUFA/Drivers/USB/Core/USBTask.o
 .debug_aranges
                0x00000340       0x30 ../../../../LUFA/Drivers/USB/Class/Device/HIDClassDevice.o

.debug_pubnames
 *(.debug_pubnames)

.debug_info     0x00000000     0x696f
 *(.debug_info .gnu.linkonce.wi.*)
 .debug_info    0x00000000     0x224e HummingbirdForBLE.o
 .debug_info    0x0000224e      0x6cf Descriptors.o
 .debug_info    0x0000291d     0x17e0 ../../../../LUFA/Drivers/USB/Core/AVR8/EndpointStream_AVR8.o
 .debug_info    0x000040fd      0x614 ../../../../LUFA/Drivers/USB/Core/AVR8/Endpoint_AVR8.o
 .debug_info    0x00004711      0x4cb ../../../../LUFA/Drivers/USB/Core/AVR8/USBController_AVR8.o
 .debug_info    0x00004bdc      0x673 ../../../../LUFA/Drivers/USB/Core/AVR8/USBInterrupt_AVR8.o
 .debug_info    0x0000524f      0xa53 ../../../../LUFA/Drivers/USB/Core/DeviceStandardReq.o
 .debug_info    0x00005ca2       0x78 ../../../../LUFA/Drivers/USB/Core/Events.o
 .debug_info    0x00005d1a      0x26b ../../../../LUFA/Drivers/USB/Core/USBTask.o
 .debug_info    0x00005f85      0x9ea ../../../../LUFA/Drivers/USB/Class/Device/HIDClassDevice.o

.debug_abbrev   0x00000000     0x14af
 *(.debug_abbrev)
 .debug_abbrev  0x00000000      0x4ff HummingbirdForBLE.o
 .debug_abbrev  0x000004ff      0x166 Descriptors.o
 .debug_abbrev  0x00000665      0x215 ../../../../LUFA/Drivers/USB/Core/AVR8/EndpointStream_AVR8.o
 .debug_abbrev  0x0000087a      0x213 ../../../../LUFA/Drivers/USB/Core/AVR8/Endpoint_AVR8.o
 .debug_abbrev  0x00000a8d      0x196 ../../../../LUFA/Drivers/USB/Core/AVR8/USBController_AVR8.o
 .debug_abbrev  0x00000c23      0x1d5 ../../../../LUFA/Drivers/USB/Core/AVR8/USBInterrupt_AVR8.o
 .debug_abbrev  0x00000df8      0x2a0 ../../../../LUFA/Drivers/USB/Core/DeviceStandardReq.o
 .debug_abbrev  0x00001098       0x44 ../../../../LUFA/Drivers/USB/Core/Events.o
 .debug_abbrev  0x000010dc      0x168 ../../../../LUFA/Drivers/USB/Core/USBTask.o
 .debug_abbrev  0x00001244      0x26b ../../../../LUFA/Drivers/USB/Class/Device/HIDClassDevice.o

.debug_line     0x00000000     0x45e7
 *(.debug_line .debug_line.* .debug_line_end)
 .debug_line    0x00000000     0x1663 HummingbirdForBLE.o
 .debug_line    0x00001663      0x27c Descriptors.o
 .debug_line    0x000018df     0x142c ../../../../LUFA/Drivers/USB/Core/AVR8/EndpointStream_AVR8.o
 .debug_line    0x00002d0b      0x4d8 ../../../../LUFA/Drivers/USB/Core/AVR8/Endpoint_AVR8.o
 .debug_line    0x000031e3      0x32a ../../../../LUFA/Drivers/USB/Core/AVR8/USBController_AVR8.o
 .debug_line    0x0000350d      0x4a2 ../../../../LUFA/Drivers/USB/Core/AVR8/USBInterrupt_AVR8.o
 .debug_line    0x000039af      0x4ab ../../../../LUFA/Drivers/USB/Core/DeviceStandardReq.o
 .debug_line    0x00003e5a       0x58 ../../../../LUFA/Drivers/USB/Core/Events.o
 .debug_line    0x00003eb2      0x1a7 ../../../../LUFA/Drivers/USB/Core/USBTask.o
 .debug_line    0x00004059      0x58e ../../../../LUFA/Drivers/USB/Class/Device/HIDClassDevice.o

.debug_frame    0x00000000      0xa74
 *(.debug_frame)
 .debug_frame   0x00000000      0x3b8 HummingbirdForBLE.o
 .debug_frame   0x000003b8       0x24 Descriptors.o
 .debug_frame   0x000003dc      0x3bc ../../../../LUFA/Drivers/USB/Core/AVR8/EndpointStream_AVR8.o
 .debug_frame   0x00000798       0x84 ../../../../LUFA/Drivers/USB/Core/AVR8/Endpoint_AVR8.o
 .debug_frame   0x0000081c       0x58 ../../../../LUFA/Drivers/USB/Core/AVR8/USBController_AVR8.o
 .debug_frame   0x00000874       0x8c ../../../../LUFA/Drivers/USB/Core/AVR8/USBInterrupt_AVR8.o
 .debug_frame   0x00000900       0x3c ../../../../LUFA/Drivers/USB/Core/DeviceStandardReq.o
 .debug_frame   0x0000093c       0x24 ../../../../LUFA/Drivers/USB/Core/Events.o
 .debug_frame   0x00000960       0x2c ../../../../LUFA/Drivers/USB/Core/USBTask.o
 .debug_frame   0x0000098c       0xe8 ../../../../LUFA/Drivers/USB/Class/Device/HIDClassDevice.o

.debug_str      0x00000000     0x2321
 *(.debug_str)
 .debug_str     0x00000000      0x959 HummingbirdForBLE.o
                                0xa00 (size before relaxing)
 .debug_str     0x00000959      0x6f2 Descriptors.o
                                0x936 (size before relaxing)
 .debug_str     0x0000104b      0x683 ../../../../LUFA/Drivers/USB/Core/AVR8/EndpointStream_AVR8.o
                                0x8a5 (size before relaxing)
 .debug_str     0x000016ce      0x2dc ../../../../LUFA/Drivers/USB/Core/AVR8/Endpoint_AVR8.o
                                0x659 (size before relaxing)
 .debug_str     0x000019aa      0x211 ../../../../LUFA/Drivers/USB/Core/AVR8/USBController_AVR8.o
                                0x598 (size before relaxing)
 .debug_str     0x00001bbb      0x11a ../../../../LUFA/Drivers/USB/Core/AVR8/USBInterrupt_AVR8.o
                                0x56d (size before relaxing)
 .debug_str     0x00001cd5      0x445 ../../../../LUFA/Drivers/USB/Core/DeviceStandardReq.o
                                0xa0b (size before relaxing)
 .debug_str     0x0000211a       0x3a ../../../../LUFA/Drivers/USB/Core/Events.o
                                0x1dd (size before relaxing)
 .debug_str     0x00002154       0x64 ../../../../LUFA/Drivers/USB/Core/USBTask.o
                                0x3be (size before relaxing)
 .debug_str     0x000021b8      0x169 ../../../../LUFA/Drivers/USB/Class/Device/HIDClassDevice.o
                                0x745 (size before relaxing)

.debug_loc      0x00000000     0x4541
 *(.debug_loc)
 .debug_loc     0x00000000     0x1629 HummingbirdForBLE.o
 .debug_loc     0x00001629      0x24b Descriptors.o
 .debug_loc     0x00001874     0x1ef6 ../../../../LUFA/Drivers/USB/Core/AVR8/EndpointStream_AVR8.o
 .debug_loc     0x0000376a      0x3df ../../../../LUFA/Drivers/USB/Core/AVR8/Endpoint_AVR8.o
 .debug_loc     0x00003b49       0x49 ../../../../LUFA/Drivers/USB/Core/AVR8/USBController_AVR8.o
 .debug_loc     0x00003b92      0x247 ../../../../LUFA/Drivers/USB/Core/AVR8/USBInterrupt_AVR8.o
 .debug_loc     0x00003dd9      0x2e7 ../../../../LUFA/Drivers/USB/Core/DeviceStandardReq.o
 .debug_loc     0x000040c0       0x49 ../../../../LUFA/Drivers/USB/Core/USBTask.o
 .debug_loc     0x00004109      0x438 ../../../../LUFA/Drivers/USB/Class/Device/HIDClassDevice.o

.debug_macinfo
 *(.debug_macinfo)

.debug_weaknames
 *(.debug_weaknames)

.debug_funcnames
 *(.debug_funcnames)

.debug_typenames
 *(.debug_typenames)

.debug_varnames
 *(.debug_varnames)

.debug_pubtypes
 *(.debug_pubtypes)

.debug_ranges   0x00000000      0x4e8
 *(.debug_ranges)
 .debug_ranges  0x00000000      0x1c0 HummingbirdForBLE.o
 .debug_ranges  0x000001c0       0x10 Descriptors.o
 .debug_ranges  0x000001d0      0x1f8 ../../../../LUFA/Drivers/USB/Core/AVR8/EndpointStream_AVR8.o
 .debug_ranges  0x000003c8       0x78 ../../../../LUFA/Drivers/USB/Core/AVR8/Endpoint_AVR8.o
 .debug_ranges  0x00000440       0x20 ../../../../LUFA/Drivers/USB/Core/AVR8/USBController_AVR8.o
 .debug_ranges  0x00000460       0x20 ../../../../LUFA/Drivers/USB/Core/AVR8/USBInterrupt_AVR8.o
 .debug_ranges  0x00000480       0x28 ../../../../LUFA/Drivers/USB/Core/DeviceStandardReq.o
 .debug_ranges  0x000004a8       0x10 ../../../../LUFA/Drivers/USB/Core/Events.o
 .debug_ranges  0x000004b8       0x10 ../../../../LUFA/Drivers/USB/Core/USBTask.o
 .debug_ranges  0x000004c8       0x20 ../../../../LUFA/Drivers/USB/Class/Device/HIDClassDevice.o

.debug_macro
 *(.debug_macro)
OUTPUT(HummingbirdForBLE.elf elf32-avr)
LOAD linker stubs

Cross Reference Table

Symbol                                            File
Audio_Device_ConfigureEndpoints                   ../../../../LUFA/Drivers/USB/Class/Device/AudioClassDevice.o
Audio_Device_Event_Stub                           ../../../../LUFA/Drivers/USB/Class/Device/AudioClassDevice.o
Audio_Device_ProcessControlRequest                ../../../../LUFA/Drivers/USB/Class/Device/AudioClassDevice.o
CALLBACK_Audio_Device_GetSetEndpointProperty      ../../../../LUFA/Drivers/USB/Class/Device/AudioClassDevice.o
CALLBACK_Audio_Device_GetSetInterfaceProperty     ../../../../LUFA/Drivers/USB/Class/Device/AudioClassDevice.o
CALLBACK_HIDParser_FilterHIDReportItem            ../../../../LUFA/Drivers/USB/Class/Common/HIDParser.o
CALLBACK_HID_Device_CreateHIDReport               HummingbirdForBLE.o
                                                  ../../../../LUFA/Drivers/USB/Class/Device/HIDClassDevice.o
CALLBACK_HID_Device_ProcessHIDReport              HummingbirdForBLE.o
                                                  ../../../../LUFA/Drivers/USB/Class/Device/HIDClassDevice.o
CALLBACK_MS_Device_SCSICommandReceived            ../../../../LUFA/Drivers/USB/Class/Device/MassStorageClassDevice.o
CALLBACK_USB_GetDescriptor                        Descriptors.o
                                                  ../../../../LUFA/Drivers/USB/Core/DeviceStandardReq.o
CDC_Device_BytesReceived                          ../../../../LUFA/Drivers/USB/Class/Device/CDCClassDevice.o
CDC_Device_ConfigureEndpoints                     ../../../../LUFA/Drivers/USB/Class/Device/CDCClassDevice.o
CDC_Device_CreateBlockingStream                   ../../../../LUFA/Drivers/USB/Class/Device/CDCClassDevice.o
CDC_Device_CreateStream                           ../../../../LUFA/Drivers/USB/Class/Device/CDCClassDevice.o
CDC_Device_Event_Stub                             ../../../../LUFA/Drivers/USB/Class/Device/CDCClassDevice.o
CDC_Device_Flush                                  ../../../../LUFA/Drivers/USB/Class/Device/CDCClassDevice.o
CDC_Device_ProcessControlRequest                  ../../../../LUFA/Drivers/USB/Class/Device/CDCClassDevice.o
CDC_Device_ReceiveByte                            ../../../../LUFA/Drivers/USB/Class/Device/CDCClassDevice.o
CDC_Device_SendByte                               ../../../../LUFA/Drivers/USB/Class/Device/CDCClassDevice.o
CDC_Device_SendControlLineStateChange             ../../../../LUFA/Drivers/USB/Class/Device/CDCClassDevice.o
CDC_Device_SendData                               ../../../../LUFA/Drivers/USB/Class/Device/CDCClassDevice.o
CDC_Device_SendString                             ../../../../LUFA/Drivers/USB/Class/Device/CDCClassDevice.o
CDC_Device_USBTask                                ../../../../LUFA/Drivers/USB/Class/Device/CDCClassDevice.o
ConfigurationDescriptor                           Descriptors.o
DeviceDescriptor                                  Descriptors.o
EVENT_Audio_Device_StreamStartStop                ../../../../LUFA/Drivers/USB/Class/Device/AudioClassDevice.o
EVENT_CDC_Device_BreakSent                        ../../../../LUFA/Drivers/USB/Class/Device/CDCClassDevice.o
EVENT_CDC_Device_ControLineStateChanged           ../../../../LUFA/Drivers/USB/Class/Device/CDCClassDevice.o
EVENT_CDC_Device_LineEncodingChanged              ../../../../LUFA/Drivers/USB/Class/Device/CDCClassDevice.o
EVENT_PRNT_Device_SoftReset                       ../../../../LUFA/Drivers/USB/Class/Device/PrinterClassDevice.o
EVENT_USB_Device_ConfigurationChanged             HummingbirdForBLE.o
                                                  ../../../../LUFA/Drivers/USB/Core/DeviceStandardReq.o
EVENT_USB_Device_Connect                          HummingbirdForBLE.o
                                                  ../../../../LUFA/Drivers/USB/Core/AVR8/USBInterrupt_AVR8.o
EVENT_USB_Device_ControlRequest                   HummingbirdForBLE.o
                                                  ../../../../LUFA/Drivers/USB/Core/DeviceStandardReq.o
EVENT_USB_Device_Disconnect                       HummingbirdForBLE.o
                                                  ../../../../LUFA/Drivers/USB/Core/AVR8/USBInterrupt_AVR8.o
EVENT_USB_Device_Reset                            ../../../../LUFA/Drivers/USB/Core/Events.o
                                                  ../../../../LUFA/Drivers/USB/Core/AVR8/USBInterrupt_AVR8.o
EVENT_USB_Device_StartOfFrame                     HummingbirdForBLE.o
                                                  ../../../../LUFA/Drivers/USB/Core/AVR8/USBInterrupt_AVR8.o
EVENT_USB_Device_Suspend                          ../../../../LUFA/Drivers/USB/Core/Events.o
                                                  ../../../../LUFA/Drivers/USB/Core/AVR8/USBInterrupt_AVR8.o
EVENT_USB_Device_WakeUp                           ../../../../LUFA/Drivers/USB/Core/Events.o
                                                  ../../../../LUFA/Drivers/USB/Core/AVR8/USBInterrupt_AVR8.o
Endpoint_ClearEndpoints                           ../../../../LUFA/Drivers/USB/Core/AVR8/Endpoint_AVR8.o
Endpoint_ClearStatusStage                         ../../../../LUFA/Drivers/USB/Core/AVR8/Endpoint_AVR8.o
                                                  ../../../../LUFA/Drivers/USB/Class/Device/PrinterClassDevice.o
                                                  ../../../../LUFA/Drivers/USB/Class/Device/MassStorageClassDevice.o
                                                  ../../../../LUFA/Drivers/USB/Class/Device/HIDClassDevice.o
                                                  ../../../../LUFA/Drivers/USB/Class/Device/CDCClassDevice.o
                                                  ../../../../LUFA/Drivers/USB/Class/Device/AudioClassDevice.o
                                                  ../../../../LUFA/Drivers/USB/Core/DeviceStandardReq.o
Endpoint_ConfigureEndpointTable                   ../../../../LUFA/Drivers/USB/Core/AVR8/Endpoint_AVR8.o
                                                  ../../../../LUFA/Drivers/USB/Class/Device/RNDISClassDevice.o
                                                  ../../../../LUFA/Drivers/USB/Class/Device/PrinterClassDevice.o
                                                  ../../../../LUFA/Drivers/USB/Class/Device/MIDIClassDevice.o
                                                  ../../../../LUFA/Drivers/USB/Class/Device/MassStorageClassDevice.o
                                                  ../../../../LUFA/Drivers/USB/Class/Device/HIDClassDevice.o
                                                  ../../../../LUFA/Drivers/USB/Class/Device/CDCClassDevice.o
                                                  ../../../../LUFA/Drivers/USB/Class/Device/AudioClassDevice.o
Endpoint_ConfigureEndpoint_Prv                    ../../../../LUFA/Drivers/USB/Core/AVR8/Endpoint_AVR8.o
                                                  ../../../../LUFA/Drivers/USB/Core/AVR8/USBInterrupt_AVR8.o
                                                  ../../../../LUFA/Drivers/USB/Core/AVR8/USBController_AVR8.o
Endpoint_Discard_Stream                           ../../../../LUFA/Drivers/USB/Core/AVR8/EndpointStream_AVR8.o
Endpoint_Null_Stream                              ../../../../LUFA/Drivers/USB/Core/AVR8/EndpointStream_AVR8.o
Endpoint_Read_Control_EStream_BE                  ../../../../LUFA/Drivers/USB/Core/AVR8/EndpointStream_AVR8.o
Endpoint_Read_Control_EStream_LE                  ../../../../LUFA/Drivers/USB/Core/AVR8/EndpointStream_AVR8.o
Endpoint_Read_Control_Stream_BE                   ../../../../LUFA/Drivers/USB/Core/AVR8/EndpointStream_AVR8.o
Endpoint_Read_Control_Stream_LE                   ../../../../LUFA/Drivers/USB/Core/AVR8/EndpointStream_AVR8.o
                                                  ../../../../LUFA/Drivers/USB/Class/Device/RNDISClassDevice.o
                                                  ../../../../LUFA/Drivers/USB/Class/Device/HIDClassDevice.o
                                                  ../../../../LUFA/Drivers/USB/Class/Device/AudioClassDevice.o
Endpoint_Read_EStream_BE                          ../../../../LUFA/Drivers/USB/Core/AVR8/EndpointStream_AVR8.o
Endpoint_Read_EStream_LE                          ../../../../LUFA/Drivers/USB/Core/AVR8/EndpointStream_AVR8.o
Endpoint_Read_Stream_BE                           ../../../../LUFA/Drivers/USB/Core/AVR8/EndpointStream_AVR8.o
Endpoint_Read_Stream_LE                           ../../../../LUFA/Drivers/USB/Core/AVR8/EndpointStream_AVR8.o
                                                  ../../../../LUFA/Drivers/USB/Class/Device/RNDISClassDevice.o
                                                  ../../../../LUFA/Drivers/USB/Class/Device/MIDIClassDevice.o
                                                  ../../../../LUFA/Drivers/USB/Class/Device/MassStorageClassDevice.o
Endpoint_WaitUntilReady                           ../../../../LUFA/Drivers/USB/Core/AVR8/Endpoint_AVR8.o
                                                  ../../../../LUFA/Drivers/USB/Class/Device/RNDISClassDevice.o
                                                  ../../../../LUFA/Drivers/USB/Class/Device/PrinterClassDevice.o
                                                  ../../../../LUFA/Drivers/USB/Class/Device/MIDIClassDevice.o
                                                  ../../../../LUFA/Drivers/USB/Class/Device/CDCClassDevice.o
                                                  ../../../../LUFA/Drivers/USB/Core/AVR8/EndpointStream_AVR8.o
Endpoint_Write_Control_EStream_BE                 ../../../../LUFA/Drivers/USB/Core/AVR8/EndpointStream_AVR8.o
Endpoint_Write_Control_EStream_LE                 ../../../../LUFA/Drivers/USB/Core/AVR8/EndpointStream_AVR8.o
Endpoint_Write_Control_PStream_BE                 ../../../../LUFA/Drivers/USB/Core/AVR8/EndpointStream_AVR8.o
Endpoint_Write_Control_PStream_LE                 ../../../../LUFA/Drivers/USB/Core/AVR8/EndpointStream_AVR8.o
                                                  ../../../../LUFA/Drivers/USB/Core/DeviceStandardReq.o
Endpoint_Write_Control_Stream_BE                  ../../../../LUFA/Drivers/USB/Core/AVR8/EndpointStream_AVR8.o
Endpoint_Write_Control_Stream_LE                  ../../../../LUFA/Drivers/USB/Core/AVR8/EndpointStream_AVR8.o
                                                  ../../../../LUFA/Drivers/USB/Class/Device/RNDISClassDevice.o
                                                  ../../../../LUFA/Drivers/USB/Class/Device/PrinterClassDevice.o
                                                  ../../../../LUFA/Drivers/USB/Class/Device/HIDClassDevice.o
                                                  ../../../../LUFA/Drivers/USB/Class/Device/AudioClassDevice.o
                                                  ../../../../LUFA/Drivers/USB/Core/DeviceStandardReq.o
Endpoint_Write_EStream_BE                         ../../../../LUFA/Drivers/USB/Core/AVR8/EndpointStream_AVR8.o
Endpoint_Write_EStream_LE                         ../../../../LUFA/Drivers/USB/Core/AVR8/EndpointStream_AVR8.o
Endpoint_Write_PStream_BE                         ../../../../LUFA/Drivers/USB/Core/AVR8/EndpointStream_AVR8.o
Endpoint_Write_PStream_LE                         ../../../../LUFA/Drivers/USB/Core/AVR8/EndpointStream_AVR8.o
Endpoint_Write_Stream_BE                          ../../../../LUFA/Drivers/USB/Core/AVR8/EndpointStream_AVR8.o
Endpoint_Write_Stream_LE                          ../../../../LUFA/Drivers/USB/Core/AVR8/EndpointStream_AVR8.o
                                                  ../../../../LUFA/Drivers/USB/Class/Device/RNDISClassDevice.o
                                                  ../../../../LUFA/Drivers/USB/Class/Device/PrinterClassDevice.o
                                                  ../../../../LUFA/Drivers/USB/Class/Device/MIDIClassDevice.o
                                                  ../../../../LUFA/Drivers/USB/Class/Device/MassStorageClassDevice.o
                                                  ../../../../LUFA/Drivers/USB/Class/Device/HIDClassDevice.o
                                                  ../../../../LUFA/Drivers/USB/Class/Device/CDCClassDevice.o
GenericReport                                     Descriptors.o
Generic_HID_Interface                             HummingbirdForBLE.o
HIDReportEcho                                     HummingbirdForBLE.o
HID_Device_ConfigureEndpoints                     ../../../../LUFA/Drivers/USB/Class/Device/HIDClassDevice.o
                                                  HummingbirdForBLE.o
HID_Device_ProcessControlRequest                  ../../../../LUFA/Drivers/USB/Class/Device/HIDClassDevice.o
                                                  HummingbirdForBLE.o
HID_Device_USBTask                                ../../../../LUFA/Drivers/USB/Class/Device/HIDClassDevice.o
                                                  HummingbirdForBLE.o
LanguageString                                    Descriptors.o
MIDI_Device_ConfigureEndpoints                    ../../../../LUFA/Drivers/USB/Class/Device/MIDIClassDevice.o
MIDI_Device_Flush                                 ../../../../LUFA/Drivers/USB/Class/Device/MIDIClassDevice.o
MIDI_Device_ReceiveEventPacket                    ../../../../LUFA/Drivers/USB/Class/Device/MIDIClassDevice.o
MIDI_Device_SendEventPacket                       ../../../../LUFA/Drivers/USB/Class/Device/MIDIClassDevice.o
MIDI_Device_USBTask                               ../../../../LUFA/Drivers/USB/Class/Device/MIDIClassDevice.o
MS_Device_ConfigureEndpoints                      ../../../../LUFA/Drivers/USB/Class/Device/MassStorageClassDevice.o
MS_Device_ProcessControlRequest                   ../../../../LUFA/Drivers/USB/Class/Device/MassStorageClassDevice.o
MS_Device_USBTask                                 ../../../../LUFA/Drivers/USB/Class/Device/MassStorageClassDevice.o
ManufacturerString                                Descriptors.o
OutGoingReport                                    HummingbirdForBLE.o
PRNT_Device_BytesReceived                         ../../../../LUFA/Drivers/USB/Class/Device/PrinterClassDevice.o
PRNT_Device_ConfigureEndpoints                    ../../../../LUFA/Drivers/USB/Class/Device/PrinterClassDevice.o
PRNT_Device_CreateBlockingStream                  ../../../../LUFA/Drivers/USB/Class/Device/PrinterClassDevice.o
PRNT_Device_CreateStream                          ../../../../LUFA/Drivers/USB/Class/Device/PrinterClassDevice.o
PRNT_Device_Event_Stub                            ../../../../LUFA/Drivers/USB/Class/Device/PrinterClassDevice.o
PRNT_Device_Flush                                 ../../../../LUFA/Drivers/USB/Class/Device/PrinterClassDevice.o
PRNT_Device_ProcessControlRequest                 ../../../../LUFA/Drivers/USB/Class/Device/PrinterClassDevice.o
PRNT_Device_ReceiveByte                           ../../../../LUFA/Drivers/USB/Class/Device/PrinterClassDevice.o
PRNT_Device_SendByte                              ../../../../LUFA/Drivers/USB/Class/Device/PrinterClassDevice.o
PRNT_Device_SendData                              ../../../../LUFA/Drivers/USB/Class/Device/PrinterClassDevice.o
PRNT_Device_SendString                            ../../../../LUFA/Drivers/USB/Class/Device/PrinterClassDevice.o
PRNT_Device_USBTask                               ../../../../LUFA/Drivers/USB/Class/Device/PrinterClassDevice.o
ProductString                                     Descriptors.o
RNDIS_Device_ConfigureEndpoints                   ../../../../LUFA/Drivers/USB/Class/Device/RNDISClassDevice.o
RNDIS_Device_IsPacketReceived                     ../../../../LUFA/Drivers/USB/Class/Device/RNDISClassDevice.o
RNDIS_Device_ProcessControlRequest                ../../../../LUFA/Drivers/USB/Class/Device/RNDISClassDevice.o
RNDIS_Device_ReadPacket                           ../../../../LUFA/Drivers/USB/Class/Device/RNDISClassDevice.o
RNDIS_Device_SendPacket                           ../../../../LUFA/Drivers/USB/Class/Device/RNDISClassDevice.o
RNDIS_Device_USBTask                              ../../../../LUFA/Drivers/USB/Class/Device/RNDISClassDevice.o
SetupHardware                                     HummingbirdForBLE.o
USB_ControlRequest                                ../../../../LUFA/Drivers/USB/Core/USBTask.o
                                                  ../../../../LUFA/Drivers/USB/Class/Device/RNDISClassDevice.o
                                                  ../../../../LUFA/Drivers/USB/Class/Device/PrinterClassDevice.o
                                                  ../../../../LUFA/Drivers/USB/Class/Device/MassStorageClassDevice.o
                                                  ../../../../LUFA/Drivers/USB/Class/Device/HIDClassDevice.o
                                                  ../../../../LUFA/Drivers/USB/Class/Device/CDCClassDevice.o
                                                  ../../../../LUFA/Drivers/USB/Class/Device/AudioClassDevice.o
                                                  ../../../../LUFA/Drivers/USB/Core/DeviceStandardReq.o
                                                  ../../../../LUFA/Drivers/USB/Core/AVR8/Endpoint_AVR8.o
                                                  ../../../../LUFA/Drivers/USB/Core/AVR8/EndpointStream_AVR8.o
USB_DeviceState                                   ../../../../LUFA/Drivers/USB/Core/USBTask.o
                                                  ../../../../LUFA/Drivers/USB/Class/Device/RNDISClassDevice.o
                                                  ../../../../LUFA/Drivers/USB/Class/Device/PrinterClassDevice.o
                                                  ../../../../LUFA/Drivers/USB/Class/Device/MIDIClassDevice.o
                                                  ../../../../LUFA/Drivers/USB/Class/Device/MassStorageClassDevice.o
                                                  ../../../../LUFA/Drivers/USB/Class/Device/HIDClassDevice.o
                                                  ../../../../LUFA/Drivers/USB/Class/Device/CDCClassDevice.o
                                                  ../../../../LUFA/Drivers/USB/Core/DeviceStandardReq.o
                                                  ../../../../LUFA/Drivers/USB/Core/AVR8/USBInterrupt_AVR8.o
                                                  ../../../../LUFA/Drivers/USB/Core/AVR8/USBController_AVR8.o
                                                  ../../../../LUFA/Drivers/USB/Core/AVR8/Endpoint_AVR8.o
                                                  ../../../../LUFA/Drivers/USB/Core/AVR8/EndpointStream_AVR8.o
USB_Device_ConfigurationNumber                    ../../../../LUFA/Drivers/USB/Core/DeviceStandardReq.o
                                                  ../../../../LUFA/Drivers/USB/Core/AVR8/USBInterrupt_AVR8.o
                                                  ../../../../LUFA/Drivers/USB/Core/AVR8/USBController_AVR8.o
USB_Device_CurrentlySelfPowered                   ../../../../LUFA/Drivers/USB/Core/DeviceStandardReq.o
                                                  ../../../../LUFA/Drivers/USB/Core/AVR8/USBController_AVR8.o
USB_Device_ProcessControlRequest                  ../../../../LUFA/Drivers/USB/Core/DeviceStandardReq.o
                                                  ../../../../LUFA/Drivers/USB/Core/USBTask.o
USB_Device_RemoteWakeupEnabled                    ../../../../LUFA/Drivers/USB/Core/DeviceStandardReq.o
                                                  ../../../../LUFA/Drivers/USB/Core/AVR8/USBController_AVR8.o
USB_Device_SendRemoteWakeup                       ../../../../LUFA/Drivers/USB/Core/AVR8/Device_AVR8.o
USB_Disable                                       ../../../../LUFA/Drivers/USB/Core/AVR8/USBController_AVR8.o
USB_Event_Stub                                    ../../../../LUFA/Drivers/USB/Core/Events.o
USB_GetHIDReportItemInfo                          ../../../../LUFA/Drivers/USB/Class/Common/HIDParser.o
USB_GetHIDReportSize                              ../../../../LUFA/Drivers/USB/Class/Common/HIDParser.o
USB_GetNextDescriptorComp                         ../../../../LUFA/Drivers/USB/Core/ConfigDescriptors.o
USB_GetNextDescriptorOfType                       ../../../../LUFA/Drivers/USB/Core/ConfigDescriptors.o
USB_GetNextDescriptorOfTypeAfter                  ../../../../LUFA/Drivers/USB/Core/ConfigDescriptors.o
USB_GetNextDescriptorOfTypeBefore                 ../../../../LUFA/Drivers/USB/Core/ConfigDescriptors.o
USB_INT_ClearAllInterrupts                        ../../../../LUFA/Drivers/USB/Core/AVR8/USBInterrupt_AVR8.o
                                                  ../../../../LUFA/Drivers/USB/Core/AVR8/USBController_AVR8.o
USB_INT_DisableAllInterrupts                      ../../../../LUFA/Drivers/USB/Core/AVR8/USBInterrupt_AVR8.o
                                                  ../../../../LUFA/Drivers/USB/Core/AVR8/USBController_AVR8.o
USB_Init                                          ../../../../LUFA/Drivers/USB/Core/AVR8/USBController_AVR8.o
                                                  HummingbirdForBLE.o
USB_IsInitialized                                 ../../../../LUFA/Drivers/USB/Core/USBTask.o
                                                  ../../../../LUFA/Drivers/USB/Core/AVR8/USBController_AVR8.o
USB_ProcessHIDReport                              ../../../../LUFA/Drivers/USB/Class/Common/HIDParser.o
USB_ResetInterface                                ../../../../LUFA/Drivers/USB/Core/AVR8/USBController_AVR8.o
USB_SetHIDReportItemInfo                          ../../../../LUFA/Drivers/USB/Class/Common/HIDParser.o
USB_USBTask                                       ../../../../LUFA/Drivers/USB/Core/USBTask.o
                                                  ../../../../LUFA/Drivers/USB/Class/Device/PrinterClassDevice.o
                                                  ../../../../LUFA/Drivers/USB/Class/Device/MassStorageClassDevice.o
                                                  ../../../../LUFA/Drivers/USB/Class/Device/CDCClassDevice.o
                                                  ../../../../LUFA/Drivers/USB/Core/AVR8/EndpointStream_AVR8.o
                                                  HummingbirdForBLE.o
__bad_interrupt                                   c:/program files (x86)/atmel/studio/7.0/toolchain/avr8/avr8-gnu-toolchain/bin/../lib/gcc/avr/4.9.2/../../../../avr/lib/avr5/crtatmega32u4.o
__bss_end                                         c:/program files (x86)/atmel/studio/7.0/toolchain/avr8/avr8-gnu-toolchain/bin/../lib/gcc/avr/4.9.2/avr5\libgcc.a(_clear_bss.o)
__bss_start                                       c:/program files (x86)/atmel/studio/7.0/toolchain/avr8/avr8-gnu-toolchain/bin/../lib/gcc/avr/4.9.2/avr5\libgcc.a(_clear_bss.o)
__data_end                                        c:/program files (x86)/atmel/studio/7.0/toolchain/avr8/avr8-gnu-toolchain/bin/../lib/gcc/avr/4.9.2/avr5\libgcc.a(_copy_data.o)
__data_load_start                                 c:/program files (x86)/atmel/studio/7.0/toolchain/avr8/avr8-gnu-toolchain/bin/../lib/gcc/avr/4.9.2/avr5\libgcc.a(_copy_data.o)
__data_start                                      c:/program files (x86)/atmel/studio/7.0/toolchain/avr8/avr8-gnu-toolchain/bin/../lib/gcc/avr/4.9.2/avr5\libgcc.a(_copy_data.o)
__do_clear_bss                                    c:/program files (x86)/atmel/studio/7.0/toolchain/avr8/avr8-gnu-toolchain/bin/../lib/gcc/avr/4.9.2/avr5\libgcc.a(_clear_bss.o)
                                                  ../../../../LUFA/Drivers/USB/Core/USBTask.o
                                                  ../../../../LUFA/Drivers/USB/Core/DeviceStandardReq.o
                                                  HummingbirdForBLE.o
__do_copy_data                                    c:/program files (x86)/atmel/studio/7.0/toolchain/avr8/avr8-gnu-toolchain/bin/../lib/gcc/avr/4.9.2/avr5\libgcc.a(_copy_data.o)
                                                  ../../../../LUFA/Drivers/USB/Class/Device/RNDISClassDevice.o
                                                  ../../../../LUFA/Drivers/USB/Class/Device/CDCClassDevice.o
                                                  HummingbirdForBLE.o
__heap_end                                        c:/program files (x86)/atmel/studio/7.0/toolchain/avr8/avr8-gnu-toolchain/bin/../lib/gcc/avr/4.9.2/../../../../avr/lib/avr5/crtatmega32u4.o
__init                                            c:/program files (x86)/atmel/studio/7.0/toolchain/avr8/avr8-gnu-toolchain/bin/../lib/gcc/avr/4.9.2/../../../../avr/lib/avr5/crtatmega32u4.o
__stack                                           c:/program files (x86)/atmel/studio/7.0/toolchain/avr8/avr8-gnu-toolchain/bin/../lib/gcc/avr/4.9.2/../../../../avr/lib/avr5/crtatmega32u4.o
__tablejump2__                                    c:/program files (x86)/atmel/studio/7.0/toolchain/avr8/avr8-gnu-toolchain/bin/../lib/gcc/avr/4.9.2/avr5\libgcc.a(_tablejump2.o)
                                                  ../../../../LUFA/Drivers/USB/Core/DeviceStandardReq.o
__vector_1                                        c:/program files (x86)/atmel/studio/7.0/toolchain/avr8/avr8-gnu-toolchain/bin/../lib/gcc/avr/4.9.2/../../../../avr/lib/avr5/crtatmega32u4.o
__vector_10                                       ../../../../LUFA/Drivers/USB/Core/AVR8/USBInterrupt_AVR8.o
                                                  c:/program files (x86)/atmel/studio/7.0/toolchain/avr8/avr8-gnu-toolchain/bin/../lib/gcc/avr/4.9.2/../../../../avr/lib/avr5/crtatmega32u4.o
__vector_11                                       c:/program files (x86)/atmel/studio/7.0/toolchain/avr8/avr8-gnu-toolchain/bin/../lib/gcc/avr/4.9.2/../../../../avr/lib/avr5/crtatmega32u4.o
__vector_12                                       c:/program files (x86)/atmel/studio/7.0/toolchain/avr8/avr8-gnu-toolchain/bin/../lib/gcc/avr/4.9.2/../../../../avr/lib/avr5/crtatmega32u4.o
__vector_13                                       c:/program files (x86)/atmel/studio/7.0/toolchain/avr8/avr8-gnu-toolchain/bin/../lib/gcc/avr/4.9.2/../../../../avr/lib/avr5/crtatmega32u4.o
__vector_14                                       c:/program files (x86)/atmel/studio/7.0/toolchain/avr8/avr8-gnu-toolchain/bin/../lib/gcc/avr/4.9.2/../../../../avr/lib/avr5/crtatmega32u4.o
__vector_15                                       c:/program files (x86)/atmel/studio/7.0/toolchain/avr8/avr8-gnu-toolchain/bin/../lib/gcc/avr/4.9.2/../../../../avr/lib/avr5/crtatmega32u4.o
__vector_16                                       c:/program files (x86)/atmel/studio/7.0/toolchain/avr8/avr8-gnu-toolchain/bin/../lib/gcc/avr/4.9.2/../../../../avr/lib/avr5/crtatmega32u4.o
__vector_17                                       c:/program files (x86)/atmel/studio/7.0/toolchain/avr8/avr8-gnu-toolchain/bin/../lib/gcc/avr/4.9.2/../../../../avr/lib/avr5/crtatmega32u4.o
__vector_18                                       c:/program files (x86)/atmel/studio/7.0/toolchain/avr8/avr8-gnu-toolchain/bin/../lib/gcc/avr/4.9.2/../../../../avr/lib/avr5/crtatmega32u4.o
__vector_19                                       c:/program files (x86)/atmel/studio/7.0/toolchain/avr8/avr8-gnu-toolchain/bin/../lib/gcc/avr/4.9.2/../../../../avr/lib/avr5/crtatmega32u4.o
__vector_2                                        c:/program files (x86)/atmel/studio/7.0/toolchain/avr8/avr8-gnu-toolchain/bin/../lib/gcc/avr/4.9.2/../../../../avr/lib/avr5/crtatmega32u4.o
__vector_20                                       c:/program files (x86)/atmel/studio/7.0/toolchain/avr8/avr8-gnu-toolchain/bin/../lib/gcc/avr/4.9.2/../../../../avr/lib/avr5/crtatmega32u4.o
__vector_21                                       HummingbirdForBLE.o
                                                  c:/program files (x86)/atmel/studio/7.0/toolchain/avr8/avr8-gnu-toolchain/bin/../lib/gcc/avr/4.9.2/../../../../avr/lib/avr5/crtatmega32u4.o
__vector_22                                       c:/program files (x86)/atmel/studio/7.0/toolchain/avr8/avr8-gnu-toolchain/bin/../lib/gcc/avr/4.9.2/../../../../avr/lib/avr5/crtatmega32u4.o
__vector_23                                       HummingbirdForBLE.o
                                                  c:/program files (x86)/atmel/studio/7.0/toolchain/avr8/avr8-gnu-toolchain/bin/../lib/gcc/avr/4.9.2/../../../../avr/lib/avr5/crtatmega32u4.o
__vector_24                                       c:/program files (x86)/atmel/studio/7.0/toolchain/avr8/avr8-gnu-toolchain/bin/../lib/gcc/avr/4.9.2/../../../../avr/lib/avr5/crtatmega32u4.o
__vector_25                                       HummingbirdForBLE.o
                                                  c:/program files (x86)/atmel/studio/7.0/toolchain/avr8/avr8-gnu-toolchain/bin/../lib/gcc/avr/4.9.2/../../../../avr/lib/avr5/crtatmega32u4.o
__vector_26                                       c:/program files (x86)/atmel/studio/7.0/toolchain/avr8/avr8-gnu-toolchain/bin/../lib/gcc/avr/4.9.2/../../../../avr/lib/avr5/crtatmega32u4.o
__vector_27                                       c:/program files (x86)/atmel/studio/7.0/toolchain/avr8/avr8-gnu-toolchain/bin/../lib/gcc/avr/4.9.2/../../../../avr/lib/avr5/crtatmega32u4.o
__vector_28                                       c:/program files (x86)/atmel/studio/7.0/toolchain/avr8/avr8-gnu-toolchain/bin/../lib/gcc/avr/4.9.2/../../../../avr/lib/avr5/crtatmega32u4.o
__vector_29                                       c:/program files (x86)/atmel/studio/7.0/toolchain/avr8/avr8-gnu-toolchain/bin/../lib/gcc/avr/4.9.2/../../../../avr/lib/avr5/crtatmega32u4.o
__vector_3                                        c:/program files (x86)/atmel/studio/7.0/toolchain/avr8/avr8-gnu-toolchain/bin/../lib/gcc/avr/4.9.2/../../../../avr/lib/avr5/crtatmega32u4.o
__vector_30                                       c:/program files (x86)/atmel/studio/7.0/toolchain/avr8/avr8-gnu-toolchain/bin/../lib/gcc/avr/4.9.2/../../../../avr/lib/avr5/crtatmega32u4.o
__vector_31                                       c:/program files (x86)/atmel/studio/7.0/toolchain/avr8/avr8-gnu-toolchain/bin/../lib/gcc/avr/4.9.2/../../../../avr/lib/avr5/crtatmega32u4.o
__vector_32                                       c:/program files (x86)/atmel/studio/7.0/toolchain/avr8/avr8-gnu-toolchain/bin/../lib/gcc/avr/4.9.2/../../../../avr/lib/avr5/crtatmega32u4.o
__vector_33                                       c:/program files (x86)/atmel/studio/7.0/toolchain/avr8/avr8-gnu-toolchain/bin/../lib/gcc/avr/4.9.2/../../../../avr/lib/avr5/crtatmega32u4.o
__vector_34                                       c:/program files (x86)/atmel/studio/7.0/toolchain/avr8/avr8-gnu-toolchain/bin/../lib/gcc/avr/4.9.2/../../../../avr/lib/avr5/crtatmega32u4.o
__vector_35                                       c:/program files (x86)/atmel/studio/7.0/toolchain/avr8/avr8-gnu-toolchain/bin/../lib/gcc/avr/4.9.2/../../../../avr/lib/avr5/crtatmega32u4.o
__vector_36                                       c:/program files (x86)/atmel/studio/7.0/toolchain/avr8/avr8-gnu-toolchain/bin/../lib/gcc/avr/4.9.2/../../../../avr/lib/avr5/crtatmega32u4.o
__vector_37                                       c:/program files (x86)/atmel/studio/7.0/toolchain/avr8/avr8-gnu-toolchain/bin/../lib/gcc/avr/4.9.2/../../../../avr/lib/avr5/crtatmega32u4.o
__vector_38                                       c:/program files (x86)/atmel/studio/7.0/toolchain/avr8/avr8-gnu-toolchain/bin/../lib/gcc/avr/4.9.2/../../../../avr/lib/avr5/crtatmega32u4.o
__vector_39                                       c:/program files (x86)/atmel/studio/7.0/toolchain/avr8/avr8-gnu-toolchain/bin/../lib/gcc/avr/4.9.2/../../../../avr/lib/avr5/crtatmega32u4.o
__vector_4                                        c:/program files (x86)/atmel/studio/7.0/toolchain/avr8/avr8-gnu-toolchain/bin/../lib/gcc/avr/4.9.2/../../../../avr/lib/avr5/crtatmega32u4.o
__vector_40                                       c:/program files (x86)/atmel/studio/7.0/toolchain/avr8/avr8-gnu-toolchain/bin/../lib/gcc/avr/4.9.2/../../../../avr/lib/avr5/crtatmega32u4.o
__vector_41                                       c:/program files (x86)/atmel/studio/7.0/toolchain/avr8/avr8-gnu-toolchain/bin/../lib/gcc/avr/4.9.2/../../../../avr/lib/avr5/crtatmega32u4.o
__vector_42                                       c:/program files (x86)/atmel/studio/7.0/toolchain/avr8/avr8-gnu-toolchain/bin/../lib/gcc/avr/4.9.2/../../../../avr/lib/avr5/crtatmega32u4.o
__vector_5                                        c:/program files (x86)/atmel/studio/7.0/toolchain/avr8/avr8-gnu-toolchain/bin/../lib/gcc/avr/4.9.2/../../../../avr/lib/avr5/crtatmega32u4.o
__vector_6                                        c:/program files (x86)/atmel/studio/7.0/toolchain/avr8/avr8-gnu-toolchain/bin/../lib/gcc/avr/4.9.2/../../../../avr/lib/avr5/crtatmega32u4.o
__vector_7                                        c:/program files (x86)/atmel/studio/7.0/toolchain/avr8/avr8-gnu-toolchain/bin/../lib/gcc/avr/4.9.2/../../../../avr/lib/avr5/crtatmega32u4.o
__vector_8                                        c:/program files (x86)/atmel/studio/7.0/toolchain/avr8/avr8-gnu-toolchain/bin/../lib/gcc/avr/4.9.2/../../../../avr/lib/avr5/crtatmega32u4.o
__vector_9                                        c:/program files (x86)/atmel/studio/7.0/toolchain/avr8/avr8-gnu-toolchain/bin/../lib/gcc/avr/4.9.2/../../../../avr/lib/avr5/crtatmega32u4.o
__vector_default                                  c:/program files (x86)/atmel/studio/7.0/toolchain/avr8/avr8-gnu-toolchain/bin/../lib/gcc/avr/4.9.2/../../../../avr/lib/avr5/crtatmega32u4.o
__vectors                                         c:/program files (x86)/atmel/studio/7.0/toolchain/avr8/avr8-gnu-toolchain/bin/../lib/gcc/avr/4.9.2/../../../../avr/lib/avr5/crtatmega32u4.o
_exit                                             c:/program files (x86)/atmel/studio/7.0/toolchain/avr8/avr8-gnu-toolchain/bin/../lib/gcc/avr/4.9.2/avr5\libgcc.a(_exit.o)
activity_dir                                      HummingbirdForBLE.o
activity_state                                    HummingbirdForBLE.o
activity_val                                      HummingbirdForBLE.o
disable_servos                                    HummingbirdForBLE.o
disable_vibration_motors                          HummingbirdForBLE.o
eeprom_read_byte                                  c:/program files (x86)/atmel/studio/7.0/toolchain/avr8/avr8-gnu-toolchain/bin/../lib/gcc/avr/4.9.2/../../../../avr/lib/avr5\libatmega32u4.a(eerd_byte.o)
                                                  ../../../../LUFA/Drivers/USB/Core/AVR8/EndpointStream_AVR8.o
eeprom_update_byte                                c:/program files (x86)/atmel/studio/7.0/toolchain/avr8/avr8-gnu-toolchain/bin/../lib/gcc/avr/4.9.2/../../../../avr/lib/avr5\libatmega32u4.a(eeupd_byte.o)
                                                  ../../../../LUFA/Drivers/USB/Core/AVR8/EndpointStream_AVR8.o
eeprom_update_r18                                 c:/program files (x86)/atmel/studio/7.0/toolchain/avr8/avr8-gnu-toolchain/bin/../lib/gcc/avr/4.9.2/../../../../avr/lib/avr5\libatmega32u4.a(eeupd_byte.o)
exit                                              c:/program files (x86)/atmel/studio/7.0/toolchain/avr8/avr8-gnu-toolchain/bin/../lib/gcc/avr/4.9.2/avr5\libgcc.a(_exit.o)
                                                  c:/program files (x86)/atmel/studio/7.0/toolchain/avr8/avr8-gnu-toolchain/bin/../lib/gcc/avr/4.9.2/../../../../avr/lib/avr5/crtatmega32u4.o
init_BLE_name                                     HummingbirdForBLE.o
init_analog                                       HummingbirdForBLE.o
init_orb                                          HummingbirdForBLE.o
init_tiny_comm                                    HummingbirdForBLE.o
init_vbr                                          HummingbirdForBLE.o
led_values                                        HummingbirdForBLE.o
led_values_temp                                   HummingbirdForBLE.o
main                                              HummingbirdForBLE.o
                                                  c:/program files (x86)/atmel/studio/7.0/toolchain/avr8/avr8-gnu-toolchain/bin/../lib/gcc/avr/4.9.2/../../../../avr/lib/avr5/crtatmega32u4.o
memcmp                                            c:/program files (x86)/atmel/studio/7.0/toolchain/avr8/avr8-gnu-toolchain/bin/../lib/gcc/avr/4.9.2/../../../../avr/lib/avr5\libc.a(memcmp.o)
                                                  ../../../../LUFA/Drivers/USB/Class/Device/HIDClassDevice.o
memcpy                                            c:/program files (x86)/atmel/studio/7.0/toolchain/avr8/avr8-gnu-toolchain/bin/../lib/gcc/avr/4.9.2/../../../../avr/lib/avr5\libc.a(memcpy.o)
                                                  ../../../../LUFA/Drivers/USB/Class/Device/RNDISClassDevice.o
                                                  ../../../../LUFA/Drivers/USB/Class/Device/HIDClassDevice.o
                                                  HummingbirdForBLE.o
memcpy_P                                          c:/program files (x86)/atmel/studio/7.0/toolchain/avr8/avr8-gnu-toolchain/bin/../lib/gcc/avr/4.9.2/../../../../avr/lib/avr5\libc.a(memcpy_P.o)
                                                  ../../../../LUFA/Drivers/USB/Class/Device/RNDISClassDevice.o
memset                                            c:/program files (x86)/atmel/studio/7.0/toolchain/avr8/avr8-gnu-toolchain/bin/../lib/gcc/avr/4.9.2/../../../../avr/lib/avr5\libc.a(memset.o)
                                                  ../../../../LUFA/Drivers/USB/Class/Device/HIDClassDevice.o
motor_vals                                        HummingbirdForBLE.o
motor_vals_compressed                             HummingbirdForBLE.o
next_led_val                                      HummingbirdForBLE.o
read_sensor                                       HummingbirdForBLE.o
receive_char                                      HummingbirdForBLE.o
received_data_available                           HummingbirdForBLE.o
rx_buff                                           HummingbirdForBLE.o
rx_buffer                                         HummingbirdForBLE.o
send_char                                         HummingbirdForBLE.o
send_sensors                                      HummingbirdForBLE.o
sensor_broadcast                                  HummingbirdForBLE.o
sensor_broadcast_count                            HummingbirdForBLE.o
serial_init                                       HummingbirdForBLE.o
servo_values_temp                                 HummingbirdForBLE.o
set_led                                           HummingbirdForBLE.o
set_led0                                          HummingbirdForBLE.o
set_led1                                          HummingbirdForBLE.o
set_led2                                          HummingbirdForBLE.o
set_led3                                          HummingbirdForBLE.o
set_motor                                         HummingbirdForBLE.o
set_orb                                           HummingbirdForBLE.o
set_orb0                                          HummingbirdForBLE.o
set_orb1                                          HummingbirdForBLE.o
set_servo                                         HummingbirdForBLE.o
set_vibration_motor                               HummingbirdForBLE.o
store_received_serial_data                        HummingbirdForBLE.o
transmitByteToTiny                                HummingbirdForBLE.o
turn_off_leds                                     HummingbirdForBLE.o
turn_off_motors                                   HummingbirdForBLE.o
vbr_values_temp                                   HummingbirdForBLE.o
